[2026-04-25T07:55:31Z] === ENRICH ITERATION 1 START | repo=kpdecker/jsdiff sha=4f5c4736 ===
[2026-04-25T07:55:31Z] [iter=1] PHASE START: enrich repo=kpdecker/jsdiff sha=4f5c4736 runlog=/home/runner/work/forx/forx/storage/aggregate/lsp/logs/4f5c4736-enrich-iter-001.log output=/home/runner/work/forx/forx/storage/aggregate/lsp/4f5c473662bedd672809b689771037d5401bdcc6.nq.gz
[2026-04-25T07:55:48Z] [iter=1] Step 1: Loading AST into disk-backed store mem_mb=81 MB
[2026-04-25T07:55:50Z] [iter=1] AST store loaded triples=266312 load_secs=2 mem_mb=448 MB
[2026-04-25T07:55:50Z] [iter=1] Step 2: Finding LSP targets mem_mb=448 MB
[2026-04-25T07:55:50Z] [iter=1] LSP targets found call_sites=1982 imports=103 extends=22 implements=0 secs=0
[2026-04-25T07:55:50Z] [iter=1] Step 2.7: Building position index (one-shot, shared across resolvers) mem_mb=448 MB
[2026-04-25T07:55:51Z] [iter=1] Position index built positions=18191 nodes_with_types=20912 secs=1 mem_mb=448 MB
[2026-04-25T07:55:51Z] [iter=1] Step 3: Starting LSP resolution mem_mb=448 MB already_completed_types=[] already_completed_files=0
[2026-04-25T07:55:51Z] [iter=1] Resolving target type target_type=call_site count=1982
[2026-04-25T07:56:04Z] [iter=1] HEARTBEAT target_type=call_site elapsed_min=0.5 files_done=1 resolved=0 errors=111 current=test/diff/json.js
[2026-04-25T07:56:50Z] [iter=1] HEARTBEAT target_type=call_site elapsed_min=1.3 files_done=5 resolved=13 errors=566 current=test/diff/line.js
[2026-04-25T07:57:38Z] [iter=1] HEARTBEAT target_type=call_site elapsed_min=2.1 files_done=10 resolved=16 errors=1034 current=test/diff/character.js
[2026-04-25T07:58:10Z] [iter=1] HEARTBEAT target_type=call_site elapsed_min=2.6 files_done=24 resolved=39 errors=1335 current=src/patch/apply.ts
[2026-04-25T07:58:35Z] [iter=1] Target type resolved target_type=call_site resolved=57 errors=1566 secs=164 mem_mb=448 MB
[2026-04-25T07:58:35Z] [iter=1] Resolving target type target_type=import_statement count=103
[2026-04-25T07:58:39Z] [iter=1] Target type resolved target_type=import_statement resolved=81 errors=0 secs=4 mem_mb=448 MB
[2026-04-25T07:58:39Z] [iter=1] Resolving target type target_type=extends_clause count=22
[2026-04-25T07:58:41Z] [iter=1] HEARTBEAT target_type=extends_clause elapsed_min=3.2 files_done=1 resolved=1 errors=0 current=src/types.ts
[2026-04-25T07:58:41Z] [iter=1] Target type resolved target_type=extends_clause resolved=22 errors=0 secs=2 mem_mb=448 MB
[2026-04-25T07:58:46Z] [iter=1] Step 5: Writing final enrichment file triples=18292
[2026-04-25T07:58:46Z] [iter=1] Enrichment file written path=/home/runner/work/forx/forx/storage/aggregate/lsp/4f5c473662bedd672809b689771037d5401bdcc6.nq.gz size_kb=339
[2026-04-25T07:58:46Z] [iter=1] PHASE END: enrich elapsed_s=195 elapsed_min=3.2 total_triples=18292
